app/room/[roomId]/_components/VoiceChat.tsx(178,32): error TS1005: ',' expected.
